// Jest Snapshot v1, https://goo.gl/fbAQLP

exports[`Pruebas Entry Component Debe hacer match con el snapshot 1`] = `
<div class="mb-3 pointer p-2 entry-container">
  <!-- titulo  -->
  <div class="entry-title d-flex"><span class="text-success fs-5 fw-bold">1</span><span class="mx-1 fs-5">Abril</span><span class="mx-2 fw-light">2022, Viernes</span></div>
  <div class="entry-description">Primero de Abril</div>
</div>
`;
