// Jest Snapshot v1, https://goo.gl/fbAQLP

exports[`Pruebas en entryList Debe de llamar de getEntriesByTerm  sin termino y mostrar 3 entradas 1`] = `
<div class="entry-list-container">
  <div class="px-2 pt-2"><input type="text" class="form-control" placeholder="Buscar Entrada"></div>
  <div class="mt-2 d-flex flex-colum"><button class="btn btn-primary btn-sm"><i class="fa fa-plus-circle"></i> Nueva Entrada </button></div>
  <div class="entry-scrollarea">
    <entry-comp-stub entry="[object Object]"></entry-comp-stub>
    <entry-comp-stub entry="[object Object]"></entry-comp-stub>
    <entry-comp-stub entry="[object Object]"></entry-comp-stub>
  </div>
</div>
`;
